// Jest Snapshot v1, https://goo.gl/fbAQLP

exports[`renders correctly 1`] = `
<div
  className="footer"
>
  <div
    className="footer-text"
  >
    <span
      className="footer-text__bold"
    >
      netflix
    </span>
     
    <span>
      roulette
    </span>
  </div>
</div>
`;
