// Jest Snapshot v1, https://goo.gl/fbAQLP

exports[`With React Testing Library input renders correctly 1`] = `
<div
  className="movies-container"
>
  <div
    className="sorting-filter-container"
  >
    <div
      className="MuiTabs-root css-1ujnqem-MuiTabs-root"
    >
      <div
        className="MuiTabs-scroller MuiTabs-fixed css-jpln7h-MuiTabs-scroller"
        onScroll={[Function]}
        style={
          Object {
            "marginBottom": -0,
            "overflow": "hidden",
          }
        }
      >
        <div
          aria-label="secondary tabs example"
          aria-orientation={null}
          className="MuiTabs-flexContainer css-heg063-MuiTabs-flexContainer"
          onKeyDown={[Function]}
          role="tablist"
        />
      </div>
    </div>
    <span
      className="sort-label"
    >
      sort by
    </span>
    <div
      className="filter-wrapper"
    >
      <div
        className="MuiFormControl-root css-1h8wmp1-MuiFormControl-root"
      >
        <div
          className="MuiInput-root MuiInput-underline MuiInputBase-root MuiInputBase-colorPrimary MuiInputBase-formControl MuiSelect-root css-vb4nm0-MuiInputBase-root-MuiInput-root"
          onClick={[Function]}
        >
          <div
            aria-expanded="false"
            aria-haspopup="listbox"
            aria-labelledby="demo-simple-select-standard-label demo-simple-select-standard"
            className="MuiSelect-select MuiSelect-standard MuiInput-input MuiInputBase-input css-1rxz5jq-MuiSelect-select-MuiInputBase-input-MuiInput-input"
            id="demo-simple-select-standard"
            onBlur={[Function]}
            onFocus={[Function]}
            onKeyDown={[Function]}
            onMouseDown={[Function]}
            role="button"
            tabIndex={0}
          >
            <span
              className="notranslate"
              dangerouslySetInnerHTML={
                Object {
                  "__html": "&#8203;",
                }
              }
            />
          </div>
          <input
            aria-hidden={true}
            className="MuiSelect-nativeInput css-yf8vq0-MuiSelect-nativeInput"
            disabled={false}
            onAnimationStart={[Function]}
            onChange={[Function]}
            required={false}
            tabIndex={-1}
            value=""
          />
          <svg
            aria-hidden={true}
            className="MuiSvgIcon-root MuiSvgIcon-fontSizeMedium MuiSelect-icon MuiSelect-iconStandard css-pqjvzy-MuiSvgIcon-root-MuiSelect-icon"
            data-testid="ArrowDropDownIcon"
            focusable="false"
            viewBox="0 0 24 24"
          >
            <path
              d="M7 10l5 5 5-5z"
            />
          </svg>
        </div>
      </div>
    </div>
  </div>
  <hr
    style={
      Object {
        "borderColor": "#424242",
        "marginLeft": "0px",
        "marginTop": "0px",
        "width": "90%",
      }
    }
  />
  <p
    className="MuiTypography-root MuiTypography-body2 css-d646ni-MuiTypography-root"
  >
    <b />
    movies found
  </p>
  <div
    className="movies-grid"
  >
    <div
      className="MuiGrid-root MuiGrid-container MuiGrid-spacing-xs-[object Object] css-1xgjpwf-MuiGrid-root"
    />
  </div>
</div>
`;
